Run: mobile03_masked
================================================================
C:\DrishtiAI\03.CCTV Mobile Usage.mkv

1. ingest
  03.CCTV Mobile Usage.mkv
  matroska,webm / mpeg4 / yuv420p  1280x720 @ 15.00 fps  VFR
  281.85 s  4227 frames  1.87 Mbps  3595 mv/frame
  [ingest] 0.2s  video_id=1  duration_s=281.9

2. calibration
  [calibration] 0.0s  seats=2  masks=2  calibration_id=1

3. motion scan and segmentation
  grid 45x80 blocks, 2929/3600 scoreable, 2 seats
    scanned     60.3s
    scanned    120.6s
    scanned    180.8s
    scanned    241.1s
C:\DrishtiAI\Project-Classroom\classroom\track.py:139: FutureWarning: The `ByteTrack` was deprecated since v0.28.0. It will be removed in v0.31.0.
  self._tracker = sv.ByteTrack(frame_rate=self.frame_rate)
  529 windows, 2116 zone rows, 20 events (45.0% of the recording)
  66x realtime
  [motion] 4.2s  windows=529  events=20  candidate_fraction=0.4502  realtime_factor=66.4

4. scoring
  [scoring] 0.0s  events=20
    [  6] R-desk      115.20- 125.88s  score  5.05  peak z  19.3
    [  9] R-desk      134.97- 145.60s  score  5.05  peak z  16.0
    [ 14] R-desk      192.00- 200.57s  score  4.89  peak z  16.2
    [ 11] R-desk      171.20- 179.20s  score  4.84  peak z  17.0
    [  3] R-desk       31.48-  38.97s  score  4.80  peak z  19.2
    [ 18] R-desk      265.08- 272.57s  score  4.80  peak z  14.4
    [  4] R-desk       51.77-  59.20s  score  4.79  peak z  15.9
    [ 13] S-61        181.88- 196.80s  score  4.76  peak z   9.5
    [  1] R-desk        8.57-  15.48s  score  4.75  peak z  29.8
    [ 15] R-desk      228.28- 232.57s  score  4.54  peak z  12.9

5. overlays
  [overlay] 48.6s  marked_mb=32.7  fps=8.0

6. evidence clips
    event 1  seat R-desk  8.57-15.48s
    event 6  seat R-desk  115.20-125.88s
    event 3  seat R-desk  31.48-38.97s
    event 11  seat R-desk  171.20-179.20s
    event 14  seat R-desk  192.00-200.57s
  [clips] 26.7s  written=5

7a. detection (detector resident alone)
    event 1 seat R-desk: 12 detections, 0 poses, streams=object
    event 6 seat R-desk: 10 detections, 0 poses, streams=object
    event 3 seat R-desk: 11 detections, 0 poses, streams=object
    event 11 seat R-desk: 11 detections, 0 poses, streams=object
    event 14 seat R-desk: 10 detections, 0 poses, streams=object
  [detect] 79.5s  events=5  detections=54  abstained=0

7b. pose + tracking (pose resident alone)
load C:\Users\Hardeep singh\.cache\rtmlib\hub\checkpoints\yolox_m_8xb8-300e_humanart-c2c7a14a.onnx with onnxruntime backend
load C:\Users\Hardeep singh\.cache\rtmlib\hub\checkpoints\rtmpose-m_simcc-body7_pt-body7_420e-256x192-e48f03d0_20230504.onnx with onnxruntime backend
    event 1 seat R-desk: 0 detections, 3 poses, streams=pose
    event 6 seat R-desk: 0 detections, 0 poses, streams=pose
    event 3 seat R-desk: 0 detections, 0 poses, streams=pose
    event 11 seat R-desk: 0 detections, 0 poses, streams=pose
    event 14 seat R-desk: 0 detections, 2 poses, streams=pose
  [pose] 106.3s  events=5  observations=5

8. verifier (Gemma, started last and shut down after)
    version: 0.1.1-dev (build 10472, commit 60eeeb608)
    event 6: not_visible / sufficient (conf 1.00)
    event 9: not_visible / sufficient (conf 1.00)
    event 14: not_visible / sufficient (conf 1.00)
    event 11: not_visible / sufficient (conf 1.00)
    event 3: not_visible / sufficient (conf 1.00)
  [verify] 255.6s  verified=5  failed=0

written to runs\mobile03_masked
