Run: mobile03_fixed
================================================================
C:\DrishtiAI\03.CCTV Mobile Usage.mkv

1. ingest
  03.CCTV Mobile Usage.mkv
  matroska,webm / mpeg4 / yuv420p  1280x720 @ 15.00 fps  VFR
  281.85 s  4227 frames  1.87 Mbps  3595 mv/frame
  [ingest] 0.3s  video_id=1  duration_s=281.9

2. calibration
  [calibration] 0.0s  seats=2  masks=2  calibration_id=1

3. motion scan and segmentation
  grid 45x80 blocks, 2929/3600 scoreable, 2 seats
    scanned     60.3s
    scanned    120.6s
    scanned    180.8s
    scanned    241.1s
C:\DrishtiAI\Project-Classroom\classroom\track.py:139: FutureWarning: The `ByteTrack` was deprecated since v0.28.0. It will be removed in v0.31.0.
  self._tracker = sv.ByteTrack(frame_rate=self.frame_rate)
  529 windows, 2116 zone rows, 8 events (16.3% of the recording)
  43x realtime
  [motion] 6.6s  windows=529  events=8  candidate_fraction=0.1626  realtime_factor=42.6

4. scoring
  [scoring] 0.0s  events=8
    [  6] S-61        181.88- 196.80s  score  4.76  peak z   9.5
    [  4] S-61        156.80- 168.00s  score  4.21  peak z   8.5
    [  3] S-61        133.37- 141.88s  score  3.87  peak z   8.0
    [  7] S-61        255.48- 257.60s  score  2.94  peak z   6.3
    [  8] S-61        278.40- 282.10s  score  2.80  peak z   5.2
    [  5] S-61        173.37- 174.97s  score  2.71  peak z   6.2
    [  1] S-61        104.00- 106.17s  score  2.58  peak z   4.8
    [  2] S-61        118.40- 120.00s  score  2.56  peak z   5.6

5. overlays
  [overlay] 65.6s  marked_mb=32.0  fps=8.0

6. evidence clips
    event 6  seat S-61  181.88-196.80s
    event 4  seat S-61  156.80-168.00s
    event 3  seat S-61  133.37-141.88s
    event 7  seat S-61  255.48-257.60s
    event 5  seat S-61  173.37-174.97s
  [clips] 28.7s  written=5

7a. detection (detector resident alone)
    event 6 seat S-61: 12 detections, 0 poses, streams=object
    event 4 seat S-61: 11 detections, 0 poses, streams=object
    event 3 seat S-61: 14 detections, 0 poses, streams=object
    event 7 seat S-61: 14 detections, 0 poses, streams=object
    event 5 seat S-61: 10 detections, 0 poses, streams=object
  [detect] 79.5s  events=5  detections=61  abstained=0

7b. pose + tracking (pose resident alone)
load C:\Users\Hardeep singh\.cache\rtmlib\hub\checkpoints\yolox_m_8xb8-300e_humanart-c2c7a14a.onnx with onnxruntime backend
load C:\Users\Hardeep singh\.cache\rtmlib\hub\checkpoints\rtmpose-m_simcc-body7_pt-body7_420e-256x192-e48f03d0_20230504.onnx with onnxruntime backend
    event 6 seat S-61: 0 detections, 6 poses, streams=pose
    event 4 seat S-61: 0 detections, 6 poses, streams=pose
    event 3 seat S-61: 0 detections, 7 poses, streams=pose
    event 7 seat S-61: 0 detections, 6 poses, streams=pose
    event 5 seat S-61: 0 detections, 6 poses, streams=pose
  [pose] 99.4s  events=5  observations=31

8. verifier (Gemma, started last and shut down after)
    version: 0.1.1-dev (build 10472, commit 60eeeb608)
    event 6: not_visible / sufficient (conf 1.00)
    event 4: not_visible / sufficient (conf 0.95)
    event 3: not_visible / sufficient (conf 1.00)
    event 7: not_visible / sufficient (conf 1.00)
    event 8: not_visible / sufficient (conf 0.95)
  [verify] 177.1s  verified=5  failed=0

written to runs\mobile03_fixed
